// Jest Snapshot v1, https://goo.gl/fbAQLP

exports[`ItemRadioGroup Should map its children and render them with specific props 1`] = `
.c3 {
  margin: 0;
  font-weight: 400;
}

.c3.kirk-text-button {
  color: #054752;
  font-size: 16px;
  line-height: 20px;
}

.c3.kirk-text-body,
.c3.kirk-text-bodyStrong {
  color: #708C91;
  font-size: 16px;
  line-height: 20px;
}

.c3.kirk-text-caption {
  color: #708C91;
  font-size: 13px;
  line-height: 16px;
}

.c3.kirk-text-title,
.c3.kirk-text-titleStrong {
  color: #054752;
  font-size: 18px;
  line-height: 20px;
}

.c3.kirk-text-display2 {
  color: #054752;
  font-size: 82px;
  line-height: 82px;
  font-weight: 500;
}

.c3.kirk-text-display1 {
  color: #054752;
  font-size: 30px;
  line-height: 1.06;
  font-weight: 500;
}

.c3.kirk-text-subheader,
.c3.kirk-text-subheaderStrong {
  color: #054752;
  font-size: 22px;
  line-height: 24px;
}

.c3.kirk-text-title,
.c3.kirk-text-titleStrong {
  color: #054752;
  font-size: 18px;
  line-height: 20px;
}

.c3.kirk-text-bodyStrong,
.c3.kirk-text-subheaderStrong,
.c3.kirk-text-titleStrong {
  font-weight: 500;
}

.c5.kirk-icon-wrapper {
  display: inline-block;
  position: relative;
}

.c5.kirk-icon-shadowed {
  border-radius: 50%;
  box-shadow: 0 0 2px rgba(0,0,0,.3);
}

.c5 .kirk-icon-badge {
  position: absolute;
  bottom: 12px;
  left: 12px;
}

.c2 {
  position: relative;
  display: -webkit-box;
  display: -webkit-flex;
  display: -ms-flexbox;
  display: flex;
  padding: 0;
  padding-top: 16px;
  padding-bottom: 16px;
  -webkit-align-items: center;
  -webkit-box-align: center;
  -ms-flex-align: center;
  align-items: center;
  -webkit-flex: 1;
  -ms-flex: 1;
  flex: 1;
  border: 0;
  background: none;
}

.c2.kirk-item--clickable:hover {
  background: #EDEDED;
}

.c2.kirk-item--hideHoverBackground.kirk-item--clickable:hover {
  background: none;
}

a.c2 {
  background: none;
  -webkit-text-decoration: none;
  text-decoration: none;
  -webkit-user-select: none;
  -moz-user-select: none;
  -ms-user-select: none;
  user-select: none;
  -webkit-tap-highlight-color: rgba(221,221,221,.4);
  -webkit-touch-callout: none;
}

button.c2 {
  cursor: pointer;
  text-align: left;
  width: 100%;
  font-family: inherit;
  background-color: transparent;
  -webkit-tap-highlight-color: rgba(221,221,221,.4);
  -webkit-touch-callout: none;
}

button:active.c2,
button:hover.c2 {
  outline: none;
}

.c2:disabled {
  cursor: default;
}

.c2 .kirk-item-leftText {
  -webkit-flex: 1;
  -ms-flex: 1;
  flex: 1;
}

.c2 .kirk-item-rightText {
  margin-left: 16px;
  text-align: right;
}

.c2 .kirk-text {
  display: block;
}

.c2 .kirk-item-title--withBody {
  margin-bottom: 4px;
}

.c2 .kirk-item--strikethrough {
  -webkit-text-decoration: line-through;
  text-decoration: line-through;
}

.c2 .kirk-item-title--withButtonAddon {
  position: relative;
}

.c2 .kirk-item-leftAddon,
.c2 .kirk-item-rightAddon {
  display: -webkit-inline-box;
  display: -webkit-inline-flex;
  display: -ms-inline-flexbox;
  display: inline-flex;
  min-width: 24px;
  -webkit-align-items: center;
  -webkit-box-align: center;
  -ms-flex-align: center;
  align-items: center;
}

.c2 .kirk-item-leftAddon {
  margin-right: 16px;
}

.c2 .kirk-item-rightAddon {
  margin-left: 16px;
}

.c2.kirk-item--highlighted .kirk-text-title {
  color: #00AFF5;
}

.c2 .kirk-item-title--withButtonAddon button {
  position: absolute;
  width: 24px;
  height: 24px;
  margin-left: 4px;
  bottom: 0;
}

.c4.spinning {
  -webkit-animation: cqjtzU 1.4s linear infinite;
  animation: cqjtzU 1.4s linear infinite;
}

.c4 circle {
  stroke-width: 6;
  stroke-linecap: round;
}

.c4.spinning circle {
  stroke-dasharray: 187;
  stroke-dashoffset: 0;
  -webkit-transform-origin: center;
  -ms-transform-origin: center;
  transform-origin: center;
  -webkit-animation: hqYbNG 1.4s ease-in-out infinite;
  animation: hqYbNG 1.4s ease-in-out infinite;
}

.c4.thin circle {
  stroke-width: 3;
}

.c4.absolute {
  position: absolute;
}

.c4 circle.inner {
  stroke-width: 0;
}

.c1 input {
  position: absolute;
  -webkit-clip: rect(0,0,0,0);
  clip: rect(0,0,0,0);
}

.c1 {
  cursor: pointer;
  border: 3px solid transparent;
  padding: calc(16px - 3px) 0;
}

.c1.focus {
  border: 3px solid #00AFF5;
}

.c0 {
  display: -webkit-box;
  display: -webkit-flex;
  display: -ms-flexbox;
  display: flex;
  -webkit-flex-direction: column;
  -ms-flex-direction: column;
  flex-direction: column;
  list-style-type: none;
}

<ul
  aria-labelledby="my-div-id"
  className="kirk-items-list c0"
  role="radiogroup"
>
  <li
    className="kirk-items-list-item"
  >
    <label
      className="kirk-item kirk-item--clickable kirk-item-radio c1 c2"
    >
      <span
        className="kirk-item-leftText"
      >
        <span
          className="kirk-text kirk-text-body kirk-item-body c3"
        >
          1
        </span>
      </span>
      <span
        className="kirk-item-rightAddon"
      >
        <input
          checked={false}
          disabled={false}
          name="name"
          onBlur={[Function]}
          onChange={[Function]}
          onClick={[Function]}
          onFocus={[Function]}
          type="radio"
          value={1}
        />
        <svg
          aria-hidden={true}
          className="kirk-icon kirk-icon-circle c4 c5"
          fill="#00AFF5"
          height={24}
          viewBox="0 0 66 66"
          width={24}
          xmlns="http://www.w3.org/2000/svg"
        >
          
          <circle
            cx="33"
            cy="33"
            fill="none"
            r="30"
            stroke="#00AFF5"
          />
        </svg>
      </span>
    </label>
  </li>
  <li
    className="kirk-items-list-item"
  >
    <label
      className="kirk-item kirk-item--clickable kirk-item-radio c1 c2"
    >
      <span
        className="kirk-item-leftText"
      >
        <span
          className="kirk-text kirk-text-body kirk-item-body c3"
        >
          2
        </span>
      </span>
      <span
        className="kirk-item-rightAddon"
      >
        <input
          checked={true}
          disabled={false}
          name="name"
          onBlur={[Function]}
          onChange={[Function]}
          onClick={[Function]}
          onFocus={[Function]}
          type="radio"
          value={2}
        />
        <svg
          aria-hidden={true}
          className="kirk-icon kirk-icon-circle c4 c5"
          fill="#00AFF5"
          height={24}
          viewBox="0 0 66 66"
          width={24}
          xmlns="http://www.w3.org/2000/svg"
        >
          
          <circle
            cx="33"
            cy="33"
            fill="none"
            r="30"
            stroke="#00AFF5"
          />
          <circle
            className="inner"
            cx="33"
            cy="33"
            fill="#00AFF5"
            r="18"
          />
        </svg>
      </span>
    </label>
  </li>
  <li
    className="kirk-items-list-item"
  >
    <label
      className="kirk-item kirk-item--clickable kirk-item-radio c1 c2"
    >
      <span
        className="kirk-item-leftText"
      >
        <span
          className="kirk-text kirk-text-body kirk-item-body c3"
        >
          3
        </span>
      </span>
      <span
        className="kirk-item-rightAddon"
      >
        <input
          checked={false}
          disabled={false}
          name="name"
          onBlur={[Function]}
          onChange={[Function]}
          onClick={[Function]}
          onFocus={[Function]}
          type="radio"
          value={3}
        />
        <svg
          aria-hidden={true}
          className="kirk-icon kirk-icon-circle c4 c5"
          fill="#00AFF5"
          height={24}
          viewBox="0 0 66 66"
          width={24}
          xmlns="http://www.w3.org/2000/svg"
        >
          
          <circle
            cx="33"
            cy="33"
            fill="none"
            r="30"
            stroke="#00AFF5"
          />
        </svg>
      </span>
    </label>
  </li>
</ul>
`;
