// Jest Snapshot v1, https://goo.gl/fbAQLP

exports[`SelectField should have the expected markup in the DOM 1`] = `
.c0 {
  display: inline-block;
  position: relative;
}

.c0 .kirk-icon-badge {
  position: absolute;
  bottom: 12px;
  left: 12px;
}

<div
  className="kirk-selectField"
>
  <select
    defaultValue="1"
    name="selectFieldName"
    onBlur={[Function]}
    onChange={[Function]}
    onFocus={[Function]}
  >
    <option
      aria-label="value 1"
      value="1"
    >
      val 1
    </option>
    <option
      value="2"
    >
      value 2
    </option>
  </select>
  <svg
    aria-hidden={true}
    className="kirk-icon c0"
    fill="#708C91"
    height={24}
    viewBox="0 0 24 24"
    width={24}
    xmlns="http://www.w3.org/2000/svg"
  >
    
    <polyline
      fill="none"
      points="9 18 15 12 9 6"
      stroke="#708C91"
      strokeLinecap="round"
      strokeLinejoin="round"
      strokeMiterlimit="10"
      strokeWidth="2"
      transform="rotate(90 12 12)"
    />
  </svg>
</div>
`;
