// Jest Snapshot v1, https://goo.gl/fbAQLP

exports[`ItemDeclaredChoiceGroup Should map its children and render them with specific props 1`] = `
Array [
  <label
    className="jsx-1542968643 kirk-item kirk-item-declared-choice"
  >
    <div
      className="jsx-1542968643 kirk-item-leftText"
    >
      <div
        className="kirk-text kirk-text-body kirk-item-body"
      >
        1
      </div>
    </div>
    <div
      className="jsx-1542968643 kirk-item-rightAddon"
    >
      <input
        checked={false}
        disabled={false}
        name="name"
        onChange={[Function]}
        type="radio"
        value={1}
      />
      <svg
        aria-hidden={true}
        className="jsx-2358291114 kirk-icon thin"
        height={24}
        viewBox="0 0 66 66"
        width={24}
        xmlns="http://www.w3.org/2000/svg"
      >
        
        <circle
          className="jsx-2358291114"
          cx="33"
          cy="33"
          fill="none"
          r="30"
          stroke="#00AFF5"
        />
      </svg>
    </div>
  </label>,
  <label
    className="jsx-1542968643 kirk-item kirk-item-declared-choice"
  >
    <div
      className="jsx-1542968643 kirk-item-leftText"
    >
      <div
        className="kirk-text kirk-text-body kirk-item-body"
      >
        2
      </div>
    </div>
    <div
      className="jsx-1542968643 kirk-item-rightAddon"
    >
      <input
        checked={true}
        disabled={false}
        name="name"
        onChange={[Function]}
        type="radio"
        value={2}
      />
      <svg
        aria-hidden={true}
        className="jsx-1043659059 jsx-59167708 kirk-icon"
        height={24}
        viewBox="0 0 24 24"
        width={24}
        xmlns="http://www.w3.org/2000/svg"
      >
        
        <path
          className="jsx-1043659059 jsx-59167708"
          d="M6.5 12.5l4 4 8-8"
          fill="none"
          stroke="#FFF"
          strokeLinecap="round"
          strokeLinejoin="round"
          strokeMiterlimit="10"
          strokeWidth="1"
        />
      </svg>
    </div>
  </label>,
  <label
    className="jsx-1542968643 kirk-item kirk-item-declared-choice"
  >
    <div
      className="jsx-1542968643 kirk-item-leftText"
    >
      <div
        className="kirk-text kirk-text-body kirk-item-body"
      >
        3
      </div>
    </div>
    <div
      className="jsx-1542968643 kirk-item-rightAddon"
    >
      <input
        checked={false}
        disabled={false}
        name="name"
        onChange={[Function]}
        type="radio"
        value={3}
      />
      <svg
        aria-hidden={true}
        className="jsx-2358291114 kirk-icon thin"
        height={24}
        viewBox="0 0 66 66"
        width={24}
        xmlns="http://www.w3.org/2000/svg"
      >
        
        <circle
          className="jsx-2358291114"
          cx="33"
          cy="33"
          fill="none"
          r="30"
          stroke="#00AFF5"
        />
      </svg>
    </div>
  </label>,
]
`;
