// Jest Snapshot v1, https://goo.gl/fbAQLP

exports[`HighlightSection should render default highlight section 1`] = `
.c0 {
  padding: 24px;
  background-color: #054752;
  color: #FFF;
}

.c1 {
  margin-left: auto;
  margin-right: auto;
  max-width: 1016px;
}

<section
  className="c0"
>
  <div
    className="c1"
  >
    default highlight section
  </div>
</section>
`;
