// Jest Snapshot v1, https://goo.gl/fbAQLP

exports[`HighlightSection should render default highlight section 1`] = `
.c8 {
  fill: #708C91;
}

.c8.kirk-icon-wrapper {
  display: inline-block;
  position: relative;
}

.c8.kirk-icon-shadowed {
  border-radius: 50%;
  box-shadow: 0 0 2px rgba(0,0,0,.3);
}

.c8 .kirk-icon-badge {
  position: absolute;
  bottom: 12px;
  left: 12px;
}

.c9 {
  display: inline-block;
  padding: 0.1em 0 0;
  margin: 0 8px;
  height: 0.9em;
  width: 0.9em;
  -webkit-flex-shrink: 0;
  -ms-flex-negative: 0;
  flex-shrink: 0;
  -webkit-box-flex: 0;
  -webkit-flex-grow: 0;
  -ms-flex-positive: 0;
  flex-grow: 0;
}

.c7 {
  margin: 0;
  font-weight: 400;
}

.c7.kirk-text-button {
  color: #054752;
  font-size: 16px;
  line-height: 20px;
}

.c7.kirk-text-body,
.c7.kirk-text-bodyStrong {
  color: #708C91;
  font-size: 16px;
  line-height: 20px;
}

.c7.kirk-text-caption {
  color: #708C91;
  font-size: 13px;
  line-height: 16px;
}

.c7.kirk-text-title,
.c7.kirk-text-titleStrong {
  color: #054752;
  font-size: 18px;
  line-height: 20px;
}

.c7.kirk-text-display2 {
  color: #054752;
  font-size: 82px;
  line-height: 82px;
  font-weight: 500;
}

.c7.kirk-text-display1 {
  color: #054752;
  font-size: 30px;
  line-height: 1.06;
  font-weight: 500;
}

.c7.kirk-text-subheader,
.c7.kirk-text-subheaderStrong {
  color: #054752;
  font-size: 22px;
  line-height: 24px;
}

.c7.kirk-text-title,
.c7.kirk-text-titleStrong {
  color: #054752;
  font-size: 18px;
  line-height: 20px;
}

.c7.kirk-text-bodyStrong,
.c7.kirk-text-subheaderStrong,
.c7.kirk-text-titleStrong {
  font-weight: 500;
}

.c6 {
  padding-left: 24px !important;
  padding-right: 24px !important;
  margin-left: 0;
  margin-right: 0;
}

.c6 {
  position: relative;
  display: -webkit-box;
  display: -webkit-flex;
  display: -ms-flexbox;
  display: flex;
  padding-top: 16px;
  padding-bottom: 16px;
  -webkit-align-items: center;
  -webkit-box-align: center;
  -ms-flex-align: center;
  align-items: center;
  -webkit-flex: 1;
  -ms-flex: 1;
  flex: 1;
  border: 0;
  background: none;
}

.c6.kirk-item--clickable:hover {
  cursor: pointer;
  background: #EDEDED;
}

.c6.kirk-item--hideHoverBackground.kirk-item--clickable:hover {
  background: none;
}

.c6.kirk-item--wrappable {
  -webkit-flex-flow: wrap;
  -ms-flex-flow: wrap;
  flex-flow: wrap;
  padding-top: 8px;
  padding-bottom: 8px;
}

.c6.kirk-item--wrappable .kirk-item-leftWrapper {
  padding-top: 8px;
  padding-bottom: 8px;
}

.c6.kirk-item--wrappable .kirk-item-leftText {
  margin-right: 24px;
}

.c6.kirk-item--wrappable .kirk-item-rightText {
  margin-left: 0;
  margin-top: 8px;
  margin-bottom: 8px;
  text-align: left;
}

.c6:disabled {
  cursor: default;
}

a.c6 {
  background: none;
  -webkit-text-decoration: none;
  text-decoration: none;
  -webkit-user-select: none;
  -moz-user-select: none;
  -ms-user-select: none;
  user-select: none;
  -webkit-tap-highlight-color: rgba(221,221,221,.4);
  -webkit-touch-callout: none;
}

button.c6 {
  cursor: pointer;
  text-align: left;
  width: 100%;
  font-family: inherit;
  background-color: transparent;
  -webkit-tap-highlight-color: rgba(221,221,221,.4);
  -webkit-touch-callout: none;
}

button:focus:not(.focus-visible).c6 {
  outline: none;
}

.c6 .kirk-item-leftWrapper {
  display: -webkit-box;
  display: -webkit-flex;
  display: -ms-flexbox;
  display: flex;
  -webkit-box-flex: 1;
  -webkit-flex-grow: 1;
  -ms-flex-positive: 1;
  flex-grow: 1;
  -webkit-align-items: center;
  -webkit-box-align: center;
  -ms-flex-align: center;
  align-items: center;
}

.c6 .kirk-item-leftText {
  -webkit-flex: 1;
  -ms-flex: 1;
  flex: 1;
}

.c6 .kirk-item-rightText {
  margin-left: 16px;
  text-align: right;
}

.c6 .kirk-text {
  display: block;
}

.c6 .kirk-item-title--withBody {
  margin-bottom: 4px;
}

.c6 .kirk-item--strikethrough {
  -webkit-text-decoration: line-through;
  text-decoration: line-through;
}

.c6 .kirk-item-title--withButtonAddon {
  position: relative;
}

.c6 .kirk-item-leftAddon,
.c6 .kirk-item-rightAddon {
  display: -webkit-inline-box;
  display: -webkit-inline-flex;
  display: -ms-inline-flexbox;
  display: inline-flex;
  min-width: 24px;
  -webkit-align-items: center;
  -webkit-box-align: center;
  -ms-flex-align: center;
  align-items: center;
}

.c6 .kirk-item-leftAddon {
  margin-right: 16px;
}

.c6 .kirk-item-rightAddon {
  margin-left: 16px;
}

.c6.kirk-item--highlighted .kirk-text-title {
  color: #00AFF5;
}

.c6 .kirk-item-title--withButtonAddon button {
  position: absolute;
  width: 24px;
  height: 24px;
  margin-left: 4px;
  bottom: 0;
}

.c0 {
  padding: 24px;
  background-color: #054752;
  color: #FFF;
}

.c1 {
  margin-left: auto;
  margin-right: auto;
  max-width: 1016px;
}

.c2 {
  color: #054752;
  font-size: 30px;
  line-height: 1.06;
  font-weight: 500;
  margin: 24px 0;
}

.c2 {
  color: #FFF;
}

.c2:first-of-type {
  margin-top: 0;
}

.c5 {
  border-radius: 8px;
}

.c5.c5 {
  display: -webkit-box;
  display: -webkit-flex;
  display: -ms-flexbox;
  display: flex;
  min-height: 4.75em;
  -webkit-align-items: center;
  -webkit-box-align: center;
  -ms-flex-align: center;
  align-items: center;
  background-color: #FFF;
  color: #054752;
  font-size: 18px;
  line-height: 20px;
}

.c5.c5 .kirk-item-leftWrapper {
  max-height: 2.3em;
  overflow: hidden;
  text-overflow: ellipsis;
  max-lines: 2;
  line-clamp: 2;
  -webkit-align-items: flex-start;
  -webkit-box-align: flex-start;
  -ms-flex-align: flex-start;
  align-items: flex-start;
  -webkit-line-clamp: 2;
}

.c5.c5 .kirk-item-rightText {
  display: -webkit-box;
  display: -webkit-flex;
  display: -ms-flexbox;
  display: flex;
  -webkit-flex-shrink: 0;
  -ms-flex-negative: 0;
  flex-shrink: 0;
}

.c12 {
  position: relative;
  box-sizing: border-box;
  display: -webkit-inline-box;
  display: -webkit-inline-flex;
  display: -ms-inline-flexbox;
  display: inline-flex;
  padding: 0 24px;
  border: 1px solid transparent;
  border-radius: 48px;
  font-size: 16px;
  line-height: 1;
  text-align: center;
  -webkit-text-decoration: none;
  text-decoration: none;
  cursor: pointer;
  font-family: inherit;
  height: 48px;
  min-width: 48px;
  max-width: 100%;
  overflow: hidden;
  -webkit-user-select: none;
  -moz-user-select: none;
  -ms-user-select: none;
  user-select: none;
  -webkit-align-items: center;
  -webkit-box-align: center;
  -ms-flex-align: center;
  align-items: center;
  -webkit-transition: max-width 500ms ease-in, background-color 200ms ease-in;
  transition: max-width 500ms ease-in, background-color 200ms ease-in;
  white-space: nowrap;
}

.c12 svg,
.c12 img {
  -webkit-flex-shrink: 0;
  -ms-flex-negative: 0;
  flex-shrink: 0;
}

.c12 svg {
  margin-right: 8px;
}

.c12.kirk-button-bubble svg {
  margin: 0;
}

.c12.kirk-itemChoice {
  border-radius: 0;
  overflow: visible;
  width: 100%;
}

.c12:hover,
.c12:active {
  outline: 0;
}

.c12.kirk-button-unstyled {
  background-color: transparent;
  border-radius: inherit;
  color: #00AFF5;
  padding: inherit;
  display: inherit;
  line-height: inherit;
  font-size: inherit;
  text-align: left;
  min-width: inherit;
  min-height: inherit;
  height: auto;
}

.c12[disabled] {
  opacity: 0.5;
  cursor: default;
}

.c12.kirk-button-unstyled[disabled] {
  opacity: 1;
}

.c12.kirk-button-primary {
  background-color: #00AFF5;
  color: #FFF;
}

.c12.kirk-button-shadowed {
  border: 2px solid #FFF;
  box-shadow: 0 2px 4px rgba(0,0,0,.3);
  box-sizing: border-box;
}

.c12.kirk-button-primary:hover,
.c12.kirk-button-primary:focus,
.c12.kirk-button-primary:active {
  background-color: #008FC1;
}

.c12.kirk-button-secondary {
  background-color: #FFF;
  border-color: #DDD;
  color: #00AFF5;
}

.c12.kirk-button-secondary.kirk-button-shadowed {
  border: none;
}

.c12.kirk-button-secondary:hover,
.c12.kirk-button-secondary:focus,
.c12.kirk-button-secondary:active {
  background-color: #DDD;
}

.c12.kirk-button-tertiary {
  background-color: #FFF;
  border-color: transparent;
  color: #00AFF5;
}

.c12.kirk-button-tertiary:hover,
.c12.kirk-button-tertiary:focus,
.c12.kirk-button-tertiary:active {
  background-color: #DDD;
}

.c12.kirk-button-loading {
  background-color: transparent;
  max-width: initial;
  border: 0;
}

.c12.kirk-button-loading:hover,
.c12.kirk-button-loading:focus,
.c12.kirk-button-loading:active {
  background-color: transparent;
}

.c12.kirk-button-loading[disabled],
.c12.kirk-button-checked[disabled] {
  opacity: 1;
}

.c12 svg.kirk-button-loader {
  position: absolute;
  top: 0;
  left: 50%;
  margin-left: -24px;
}

.c12.kirk-button-checked {
  border: 0;
}

.c12.kirk-button-warning {
  background-color: #F53F5B;
  color: #FFF;
}

.c12.kirk-button-bubble {
  display: inline-block;
  text-align: center;
  padding: 0;
  line-height: 0;
  width: 48px;
  height: 48px;
}

.c12.kirk-button-bubble.kirk-button-shadowed {
  width: calc(48px - 2px * 2);
  height: calc(48px - 2px * 2);
}

.c12.c12 {
  display: -webkit-box;
  display: -webkit-flex;
  display: -ms-flexbox;
  display: flex;
  -webkit-flex-direction: row-reverse;
  -ms-flex-direction: row-reverse;
  flex-direction: row-reverse;
  margin-left: auto;
  margin-right: 16px;
}

.c3 {
  display: -webkit-box;
  display: -webkit-flex;
  display: -ms-flexbox;
  display: flex;
  -webkit-flex-wrap: wrap;
  -ms-flex-wrap: wrap;
  flex-wrap: wrap;
  -webkit-align-content: stretch;
  -ms-flex-line-pack: stretch;
  align-content: stretch;
}

.c3 + ul {
  padding-top: 0;
}

.c4 {
  -webkit-flex: 1;
  -ms-flex: 1;
  flex: 1;
  margin: 8px 8px;
  display: none;
}

.c10 {
  -webkit-flex: 1;
  -ms-flex: 1;
  flex: 1;
  margin: 8px 8px;
}

.c11 {
  display: none;
}

@media (hover:none),(hover:on-demand) {
  .c12.kirk-button-secondary:hover {
    background-color: #FFF;
  }
}

@media (min-width:800px) {
  .c4 {
    -webkit-flex: 0 0 calc(33.333% - 8px);
    -ms-flex: 0 0 calc(33.333% - 8px);
    flex: 0 0 calc(33.333% - 8px);
    margin: 8px 8px 8px 0;
  }

  .c4:nth-child(3n) {
    margin-right: 0;
  }

  .c4:nth-child(n + 4) {
    margin-top: 0;
  }

  .c4:nth-child(1n + 3) {
    margin-left: 0;
  }
}

@media (min-width:800px) {
  .c10 {
    -webkit-flex: 0 0 calc(33.333% - 8px);
    -ms-flex: 0 0 calc(33.333% - 8px);
    flex: 0 0 calc(33.333% - 8px);
    margin: 8px 8px 8px 0;
  }

  .c10:nth-child(3n) {
    margin-right: 0;
  }

  .c10:nth-child(n + 4) {
    margin-top: 0;
  }

  .c10:nth-child(1n + 3) {
    margin-left: 0;
  }
}

<section
  className="c0"
>
  <div
    className="c1"
  >
    <h2
      className="c2"
    >
      Top trajets en bus
    </h2>
    <ul
      className="c3"
    >
      <li
        className="c4"
        hidden={true}
      >
        <a
          className="kirk-item kirk-item--clickable kirk-item-choice c5 c6"
          disabled={false}
          href="#"
          type="button"
        >
          <span
            className="kirk-item-leftWrapper"
          >
            <span
              className="kirk-item-leftText"
            >
              <span
                className="kirk-text kirk-text-title c7"
                style={
                  Object {
                    "color": "#054752",
                  }
                }
              >
                Toulouse
              </span>
              
            </span>
          </span>
          <span
            className="kirk-item-rightText"
          >
            <div
              className="kirk-text kirk-text-subheaderStrong kirk-item-title c7"
              style={
                Object {
                  "color": "#054752",
                }
              }
            >
              8,99 €
            </div>
            
          </span>
          <span
            className="kirk-item-rightAddon"
          >
            <svg
              aria-hidden={true}
              className="kirk-icon c8"
              height={24}
              viewBox="0 0 24 24"
              width={24}
              xmlns="http://www.w3.org/2000/svg"
            >
              
              <polyline
                fill="none"
                points="9 18 15 12 9 6"
                stroke="#708C91"
                strokeLinecap="round"
                strokeLinejoin="round"
                strokeMiterlimit="10"
                strokeWidth="2"
              />
            </svg>
          </span>
        </a>
      </li>
      <li
        className="c4"
        hidden={true}
      >
        <a
          className="kirk-item kirk-item--clickable kirk-item-choice c5 c6"
          disabled={false}
          href="#"
          type="button"
        >
          <span
            className="kirk-item-leftWrapper"
          >
            <span
              className="kirk-item-leftText"
            >
              <span
                className=""
              >
                <span>
                  Grenoble
                </span>
                <svg
                  aria-hidden={true}
                  className="kirk-icon c9 c8"
                  height={24}
                  viewBox="0 0 24 24"
                  width={24}
                  xmlns="http://www.w3.org/2000/svg"
                >
                  
                  <g
                    fill="none"
                    stroke="#708C91"
                    strokeLinecap="round"
                    strokeLinejoin="round"
                    strokeMiterlimit="10"
                    strokeWidth="2"
                    transform="rotate(180 12 12)"
                  >
                    <path
                      d="M9 19l-7-7 7-7"
                    />
                    <path
                      d="M22 12H2"
                    />
                  </g>
                </svg>
                <span>
                  Aéroport Lyon-Saint Exupéry
                </span>
              </span>
              
            </span>
          </span>
          <span
            className="kirk-item-rightText"
          >
            <div
              className="kirk-text kirk-text-subheaderStrong kirk-item-title c7"
              style={
                Object {
                  "color": "#054752",
                }
              }
            >
              16,99 €
            </div>
            
          </span>
          <span
            className="kirk-item-rightAddon"
          >
            <svg
              aria-hidden={true}
              className="kirk-icon c8"
              height={24}
              viewBox="0 0 24 24"
              width={24}
              xmlns="http://www.w3.org/2000/svg"
            >
              
              <polyline
                fill="none"
                points="9 18 15 12 9 6"
                stroke="#708C91"
                strokeLinecap="round"
                strokeLinejoin="round"
                strokeMiterlimit="10"
                strokeWidth="2"
              />
            </svg>
          </span>
        </a>
      </li>
      <li
        className="c4"
        hidden={true}
      >
        <a
          className="kirk-item kirk-item--clickable kirk-item-choice c5 c6"
          disabled={false}
          href="#"
          type="button"
        >
          <span
            className="kirk-item-leftWrapper"
          >
            <span
              className="kirk-item-leftText"
            >
              <span
                className=""
              >
                <span>
                  Bus Paris
                </span>
                <svg
                  aria-hidden={true}
                  className="kirk-icon c9 c8"
                  height={24}
                  viewBox="0 0 24 24"
                  width={24}
                  xmlns="http://www.w3.org/2000/svg"
                >
                  
                  <g
                    fill="none"
                    stroke="#708C91"
                    strokeLinecap="round"
                    strokeLinejoin="round"
                    strokeMiterlimit="10"
                    strokeWidth="2"
                    transform="rotate(180 12 12)"
                  >
                    <path
                      d="M9 19l-7-7 7-7"
                    />
                    <path
                      d="M22 12H2"
                    />
                  </g>
                </svg>
                <span>
                  Lille
                </span>
              </span>
              
            </span>
          </span>
          <span
            className="kirk-item-rightText"
          >
            <div
              className="kirk-text kirk-text-subheaderStrong kirk-item-title c7"
              style={
                Object {
                  "color": "#054752",
                }
              }
            >
              18,99 €
            </div>
            
          </span>
          <span
            className="kirk-item-rightAddon"
          >
            <svg
              aria-hidden={true}
              className="kirk-icon c8"
              height={24}
              viewBox="0 0 24 24"
              width={24}
              xmlns="http://www.w3.org/2000/svg"
            >
              
              <polyline
                fill="none"
                points="9 18 15 12 9 6"
                stroke="#708C91"
                strokeLinecap="round"
                strokeLinejoin="round"
                strokeMiterlimit="10"
                strokeWidth="2"
              />
            </svg>
          </span>
        </a>
      </li>
      <li
        className="c10"
      >
        <a
          className="kirk-item kirk-item--clickable kirk-item-choice c5 c6"
          disabled={false}
          href="#"
          type="button"
        >
          <span
            className="kirk-item-leftWrapper"
          >
            <span
              className="kirk-item-leftText"
            >
              <span
                className=""
              >
                <span>
                  Aéroport Lyon-Saint Exupéry
                </span>
                <svg
                  aria-hidden={true}
                  className="kirk-icon c9 c8"
                  height={24}
                  viewBox="0 0 24 24"
                  width={24}
                  xmlns="http://www.w3.org/2000/svg"
                >
                  
                  <g
                    fill="none"
                    stroke="#708C91"
                    strokeLinecap="round"
                    strokeLinejoin="round"
                    strokeMiterlimit="10"
                    strokeWidth="2"
                    transform="rotate(180 12 12)"
                  >
                    <path
                      d="M9 19l-7-7 7-7"
                    />
                    <path
                      d="M22 12H2"
                    />
                  </g>
                </svg>
                <span>
                  Lyon
                </span>
              </span>
              
            </span>
          </span>
          <span
            className="kirk-item-rightText"
          >
            <div
              className="kirk-text kirk-text-subheaderStrong kirk-item-title c7"
              style={
                Object {
                  "color": "#054752",
                }
              }
            >
              8,99 €
            </div>
            
          </span>
          <span
            className="kirk-item-rightAddon"
          >
            <svg
              aria-hidden={true}
              className="kirk-icon c8"
              height={24}
              viewBox="0 0 24 24"
              width={24}
              xmlns="http://www.w3.org/2000/svg"
            >
              
              <polyline
                fill="none"
                points="9 18 15 12 9 6"
                stroke="#708C91"
                strokeLinecap="round"
                strokeLinejoin="round"
                strokeMiterlimit="10"
                strokeWidth="2"
              />
            </svg>
          </span>
        </a>
      </li>
      <li
        className="c10"
      >
        <a
          className="kirk-item kirk-item--clickable kirk-item-choice c5 c6"
          disabled={false}
          href="#"
          type="button"
        >
          <span
            className="kirk-item-leftWrapper"
          >
            <span
              className="kirk-item-leftText"
            >
              <span
                className=""
              >
                <span>
                  Aéroport Lyon-Saint Exupéry
                </span>
                <svg
                  aria-hidden={true}
                  className="kirk-icon c9 c8"
                  height={24}
                  viewBox="0 0 24 24"
                  width={24}
                  xmlns="http://www.w3.org/2000/svg"
                >
                  
                  <g
                    fill="none"
                    stroke="#708C91"
                    strokeLinecap="round"
                    strokeLinejoin="round"
                    strokeMiterlimit="10"
                    strokeWidth="2"
                    transform="rotate(180 12 12)"
                  >
                    <path
                      d="M9 19l-7-7 7-7"
                    />
                    <path
                      d="M22 12H2"
                    />
                  </g>
                </svg>
                <span>
                  Cannes
                </span>
              </span>
              
            </span>
          </span>
          <span
            className="kirk-item-rightText"
          >
            <div
              className="kirk-text kirk-text-subheaderStrong kirk-item-title c7"
              style={
                Object {
                  "color": "#054752",
                }
              }
            >
              8,99 €
            </div>
            
          </span>
          <span
            className="kirk-item-rightAddon"
          >
            <svg
              aria-hidden={true}
              className="kirk-icon c8"
              height={24}
              viewBox="0 0 24 24"
              width={24}
              xmlns="http://www.w3.org/2000/svg"
            >
              
              <polyline
                fill="none"
                points="9 18 15 12 9 6"
                stroke="#708C91"
                strokeLinecap="round"
                strokeLinejoin="round"
                strokeMiterlimit="10"
                strokeWidth="2"
              />
            </svg>
          </span>
        </a>
      </li>
      <li
        className="c10"
      >
        <a
          className="kirk-item kirk-item--clickable kirk-item-choice c5 c6"
          disabled={false}
          href="#"
          type="button"
        >
          <span
            className="kirk-item-leftWrapper"
          >
            <span
              className="kirk-item-leftText"
            >
              <span
                className="kirk-text kirk-text-title c7"
                style={
                  Object {
                    "color": "#054752",
                  }
                }
              >
                Tous les trajet en bus
              </span>
              
            </span>
          </span>
          <span
            className="kirk-item-rightText"
          >
            <div
              className="kirk-text kirk-text-subheaderStrong kirk-item-title c7"
              style={
                Object {
                  "color": "#054752",
                }
              }
            >
              8,99 €
            </div>
            
          </span>
          <span
            className="kirk-item-rightAddon"
          >
            <svg
              aria-hidden={true}
              className="kirk-icon c8"
              height={24}
              viewBox="0 0 24 24"
              width={24}
              xmlns="http://www.w3.org/2000/svg"
            >
              
              <polyline
                fill="none"
                points="9 18 15 12 9 6"
                stroke="#708C91"
                strokeLinecap="round"
                strokeLinejoin="round"
                strokeMiterlimit="10"
                strokeWidth="2"
              />
            </svg>
          </span>
        </a>
      </li>
    </ul>
    <div
      className="c11"
    >
      <h2
        className="c2"
      >
        Top villes en bus
      </h2>
      <ul
        className="c3"
      >
        <li
          className="c10"
        >
          <a
            className="kirk-item kirk-item--clickable kirk-item-choice c5 c6"
            disabled={false}
            href="#"
            type="button"
          >
            <span
              className="kirk-item-leftWrapper"
            >
              <span
                className="kirk-item-leftText"
              >
                <span
                  className="kirk-text kirk-text-title c7"
                  style={
                    Object {
                      "color": "#054752",
                    }
                  }
                >
                  Lyon
                </span>
                
              </span>
            </span>
            
            <span
              className="kirk-item-rightAddon"
            >
              <svg
                aria-hidden={true}
                className="kirk-icon c8"
                height={24}
                viewBox="0 0 24 24"
                width={24}
                xmlns="http://www.w3.org/2000/svg"
              >
                
                <polyline
                  fill="none"
                  points="9 18 15 12 9 6"
                  stroke="#708C91"
                  strokeLinecap="round"
                  strokeLinejoin="round"
                  strokeMiterlimit="10"
                  strokeWidth="2"
                />
              </svg>
            </span>
          </a>
        </li>
        <li
          className="c10"
        >
          <a
            className="kirk-item kirk-item--clickable kirk-item-choice c5 c6"
            disabled={false}
            href="#"
            type="button"
          >
            <span
              className="kirk-item-leftWrapper"
            >
              <span
                className="kirk-item-leftText"
              >
                <span
                  className="kirk-text kirk-text-title c7"
                  style={
                    Object {
                      "color": "#054752",
                    }
                  }
                >
                  Cannes
                </span>
                
              </span>
            </span>
            
            <span
              className="kirk-item-rightAddon"
            >
              <svg
                aria-hidden={true}
                className="kirk-icon c8"
                height={24}
                viewBox="0 0 24 24"
                width={24}
                xmlns="http://www.w3.org/2000/svg"
              >
                
                <polyline
                  fill="none"
                  points="9 18 15 12 9 6"
                  stroke="#708C91"
                  strokeLinecap="round"
                  strokeLinejoin="round"
                  strokeMiterlimit="10"
                  strokeWidth="2"
                />
              </svg>
            </span>
          </a>
        </li>
        <li
          className="c10"
        >
          <a
            className="kirk-item kirk-item--clickable kirk-item-choice c5 c6"
            disabled={false}
            href="#"
            type="button"
          >
            <span
              className="kirk-item-leftWrapper"
            >
              <span
                className="kirk-item-leftText"
              >
                <span
                  className="kirk-text kirk-text-title c7"
                  style={
                    Object {
                      "color": "#054752",
                    }
                  }
                >
                  Toulouse
                </span>
                
              </span>
            </span>
            
            <span
              className="kirk-item-rightAddon"
            >
              <svg
                aria-hidden={true}
                className="kirk-icon c8"
                height={24}
                viewBox="0 0 24 24"
                width={24}
                xmlns="http://www.w3.org/2000/svg"
              >
                
                <polyline
                  fill="none"
                  points="9 18 15 12 9 6"
                  stroke="#708C91"
                  strokeLinecap="round"
                  strokeLinejoin="round"
                  strokeMiterlimit="10"
                  strokeWidth="2"
                />
              </svg>
            </span>
          </a>
        </li>
        <li
          className="c10"
        >
          <a
            className="kirk-item kirk-item--clickable kirk-item-choice c5 c6"
            disabled={false}
            href="#"
            type="button"
          >
            <span
              className="kirk-item-leftWrapper"
            >
              <span
                className="kirk-item-leftText"
              >
                <span
                  className="kirk-text kirk-text-title c7"
                  style={
                    Object {
                      "color": "#054752",
                    }
                  }
                >
                  Paris
                </span>
                
              </span>
            </span>
            
            <span
              className="kirk-item-rightAddon"
            >
              <svg
                aria-hidden={true}
                className="kirk-icon c8"
                height={24}
                viewBox="0 0 24 24"
                width={24}
                xmlns="http://www.w3.org/2000/svg"
              >
                
                <polyline
                  fill="none"
                  points="9 18 15 12 9 6"
                  stroke="#708C91"
                  strokeLinecap="round"
                  strokeLinejoin="round"
                  strokeMiterlimit="10"
                  strokeWidth="2"
                />
              </svg>
            </span>
          </a>
        </li>
        <li
          className="c10"
        >
          <a
            className="kirk-item kirk-item--clickable kirk-item-choice c5 c6"
            disabled={false}
            href="#"
            type="button"
          >
            <span
              className="kirk-item-leftWrapper"
            >
              <span
                className="kirk-item-leftText"
              >
                <span
                  className="kirk-text kirk-text-title c7"
                  style={
                    Object {
                      "color": "#054752",
                    }
                  }
                >
                  Nantes
                </span>
                
              </span>
            </span>
            
            <span
              className="kirk-item-rightAddon"
            >
              <svg
                aria-hidden={true}
                className="kirk-icon c8"
                height={24}
                viewBox="0 0 24 24"
                width={24}
                xmlns="http://www.w3.org/2000/svg"
              >
                
                <polyline
                  fill="none"
                  points="9 18 15 12 9 6"
                  stroke="#708C91"
                  strokeLinecap="round"
                  strokeLinejoin="round"
                  strokeMiterlimit="10"
                  strokeWidth="2"
                />
              </svg>
            </span>
          </a>
        </li>
        <li
          className="c10"
        >
          <a
            className="kirk-item kirk-item--clickable kirk-item-choice c5 c6"
            disabled={false}
            href="#"
            type="button"
          >
            <span
              className="kirk-item-leftWrapper"
            >
              <span
                className="kirk-item-leftText"
              >
                <span
                  className="kirk-text kirk-text-title c7"
                  style={
                    Object {
                      "color": "#054752",
                    }
                  }
                >
                  Bruxelles
                </span>
                
              </span>
            </span>
            
            <span
              className="kirk-item-rightAddon"
            >
              <svg
                aria-hidden={true}
                className="kirk-icon c8"
                height={24}
                viewBox="0 0 24 24"
                width={24}
                xmlns="http://www.w3.org/2000/svg"
              >
                
                <polyline
                  fill="none"
                  points="9 18 15 12 9 6"
                  stroke="#708C91"
                  strokeLinecap="round"
                  strokeLinejoin="round"
                  strokeMiterlimit="10"
                  strokeWidth="2"
                />
              </svg>
            </span>
          </a>
        </li>
        <li
          className="c10"
        >
          <a
            className="kirk-item kirk-item--clickable kirk-item-choice c5 c6"
            disabled={false}
            href="#"
            type="button"
          >
            <span
              className="kirk-item-leftWrapper"
            >
              <span
                className="kirk-item-leftText"
              >
                <span
                  className="kirk-text kirk-text-title c7"
                  style={
                    Object {
                      "color": "#054752",
                    }
                  }
                >
                  Amsterdam
                </span>
                
              </span>
            </span>
            
            <span
              className="kirk-item-rightAddon"
            >
              <svg
                aria-hidden={true}
                className="kirk-icon c8"
                height={24}
                viewBox="0 0 24 24"
                width={24}
                xmlns="http://www.w3.org/2000/svg"
              >
                
                <polyline
                  fill="none"
                  points="9 18 15 12 9 6"
                  stroke="#708C91"
                  strokeLinecap="round"
                  strokeLinejoin="round"
                  strokeMiterlimit="10"
                  strokeWidth="2"
                />
              </svg>
            </span>
          </a>
        </li>
        <li
          className="c10"
        >
          <a
            className="kirk-item kirk-item--clickable kirk-item-choice c5 c6"
            disabled={false}
            href="#"
            type="button"
          >
            <span
              className="kirk-item-leftWrapper"
            >
              <span
                className="kirk-item-leftText"
              >
                <span
                  className="kirk-text kirk-text-title c7"
                  style={
                    Object {
                      "color": "#054752",
                    }
                  }
                >
                  Amsterdam
                </span>
                
              </span>
            </span>
            
            <span
              className="kirk-item-rightAddon"
            >
              <svg
                aria-hidden={true}
                className="kirk-icon c8"
                height={24}
                viewBox="0 0 24 24"
                width={24}
                xmlns="http://www.w3.org/2000/svg"
              >
                
                <polyline
                  fill="none"
                  points="9 18 15 12 9 6"
                  stroke="#708C91"
                  strokeLinecap="round"
                  strokeLinejoin="round"
                  strokeMiterlimit="10"
                  strokeWidth="2"
                />
              </svg>
            </span>
          </a>
        </li>
        <li
          className="c10"
        >
          <a
            className="kirk-item kirk-item--clickable kirk-item-choice c5 c6"
            disabled={false}
            href="#"
            type="button"
          >
            <span
              className="kirk-item-leftWrapper"
            >
              <span
                className="kirk-item-leftText"
              >
                <span
                  className="kirk-text kirk-text-title c7"
                  style={
                    Object {
                      "color": "#054752",
                    }
                  }
                >
                  Aéroport Lyon-Saint Exupéry
                </span>
                
              </span>
            </span>
            
            <span
              className="kirk-item-rightAddon"
            >
              <svg
                aria-hidden={true}
                className="kirk-icon c8"
                height={24}
                viewBox="0 0 24 24"
                width={24}
                xmlns="http://www.w3.org/2000/svg"
              >
                
                <polyline
                  fill="none"
                  points="9 18 15 12 9 6"
                  stroke="#708C91"
                  strokeLinecap="round"
                  strokeLinejoin="round"
                  strokeMiterlimit="10"
                  strokeWidth="2"
                />
              </svg>
            </span>
          </a>
        </li>
      </ul>
    </div>
    <button
      className="kirk-button kirk-button-unstyled c12"
      disabled={false}
      onBlur={[Function]}
      onClick={[Function]}
      onFocus={[Function]}
      onMouseDown={[Function]}
      onMouseUp={[Function]}
      onTouchEnd={[Function]}
      onTouchStart={[Function]}
      role="button"
      type="button"
    >
      Show less
      <div
        className="c11"
      >
        Show more
      </div>
    </button>
  </div>
</section>
`;
