// Jest Snapshot v1, https://goo.gl/fbAQLP

exports[`Itinerary component Should display proximity from departure point 1`] = `
<ul
  className="jsx-2131258399 "
>
  <li
    className="jsx-2131258399 kirk-itinerary-location kirk-itinerary--departure"
  >
    <time
      className="jsx-2131258399"
      dateTime="2017-12-11T09:00"
    >
      09:00
    </time>
    <div
      className="jsx-2131258399"
    >
      <span
        className="jsx-2131258399"
      >
        Paris
      </span>
      <span
        className="jsx-2131258399 kirk-itinerary-subtext"
      >
        Porte de Vincennes
      </span>
    </div>
  </li>
  <li
    className="jsx-2131258399 kirk-itinerary-location kirk-itinerary--arrival"
  >
    <time
      className="jsx-2131258399"
      dateTime="2017-12-11T12:00"
    >
      12:00
    </time>
    <div
      className="jsx-2131258399"
    >
      <span
        className="jsx-2131258399"
      >
        Bordeaux
      </span>
      <span
        className="jsx-2131258399 kirk-itinerary-subtext"
      >
        Gare Bordeaux Saint-Jean
      </span>
    </div>
  </li>
</ul>
`;
