// Jest Snapshot v1, https://goo.gl/fbAQLP

exports[`Itinerary component Should display proximity from departure point 1`] = `
.c0 {
  margin: 0;
  font-weight: 400;
}

.c0.kirk-text-button {
  color: #054752;
  font-size: 16px;
  line-height: 20px;
}

.c0.kirk-text-body,
.c0.kirk-text-bodyStrong {
  color: #708C91;
  font-size: 16px;
  line-height: 20px;
}

.c0.kirk-text-caption {
  color: #708C91;
  font-size: 13px;
  line-height: 16px;
}

.c0.kirk-text-title,
.c0.kirk-text-titleStrong {
  color: #054752;
  font-size: 18px;
  line-height: 20px;
}

.c0.kirk-text-display1 {
  color: #054752;
  font-size: 82px;
  line-height: 82px;
}

.c0.kirk-text-display2 {
  color: #054752;
  font-size: 30px;
  line-height: 1.06;
}

.c0.kirk-text-subheader,
.c0.kirk-text-subheaderStrong {
  color: #054752;
  font-size: 22px;
  line-height: 24px;
}

.c0.kirk-text-title,
.c0.kirk-text-titleStrong {
  color: #054752;
  font-size: 18px;
  line-height: 20px;
}

.c0.kirk-text-bodyStrong,
.c0.kirk-text-subheaderStrong,
.c0.kirk-text-titleStrong {
  font-weight: 500;
}

.c2 {
  display: inline-block;
  position: relative;
}

.c2 .kirk-icon-badge {
  position: absolute;
  bottom: 12px;
  left: 12px;
}

.c1 {
  display: inline-block;
  line-height: 0;
}

.c1 svg {
  margin-top: 4px;
}

.c1 svg + svg {
  margin-left: 4px;
}

<ul
  className="jsx-1448366035 "
>
  <li
    className="jsx-1448366035 kirk-itinerary-location kirk-itinerary--departure"
    itemProp="location"
    itemScope={true}
    itemType="http://schema.org/Place"
  >
    <meta
      className="jsx-1448366035"
      content="Paris"
      itemProp="name"
    />
    <meta
      className="jsx-1448366035"
      content="Paris"
      itemProp="address"
    />
    <div
      className="jsx-1448366035 kirk-itinerary-location-wrapper"
    >
      <time
        className="jsx-1448366035"
        dateTime="2017-12-11T09:00"
      >
        <span
          className="kirk-text kirk-text-titleStrong c0"
        >
          09:00
        </span>
      </time>
      <div
        className="jsx-1448366035 kirk-itinerary-location-city"
      >
        <span
          className="kirk-text kirk-text-titleStrong c0"
        >
          Paris
        </span>
        <div
          className="jsx-1448366035"
        >
          <div
            className="kirk-proximity c1"
          >
            <svg
              aria-hidden={true}
              className="kirk-icon c2"
              fill="#EDEDED"
              height="20px"
              viewBox="0 0 20 20"
              width="20px"
              xmlns="http://www.w3.org/2000/svg"
            >
              
              <path
                d="M10 20C4.477 20 0 15.523 0 10S4.477 0 10 0s10 4.477 10 10-4.477 10-10 10zm1.202-14.863a1.568 1.568 0 1 0 0-3.136 1.568 1.568 0 0 0 0 3.136zm.94 1.868h-.005a1.568 1.568 0 0 0-1.563-1.554h-.007c-2.252 0-3.896 1.32-4.288 2.692L5.5 11.051H6.926l.723-2.72 1.166-.825-.874 3.264L6.003 18h1.569l1.83-5.661 1.526 1.269.314 4.392h1.528v-5.02l-1.757-1.756.473-1.767a3.753 3.753 0 0 0 2.853 1.313h.314V9.515a2.51 2.51 0 0 1-2.51-2.51z"
              />
            </svg>
            <svg
              aria-hidden={true}
              className="kirk-icon c2"
              fill="#EDEDED"
              height="20px"
              viewBox="0 0 20 20"
              width="20px"
              xmlns="http://www.w3.org/2000/svg"
            >
              
              <path
                d="M10 20C4.477 20 0 15.523 0 10S4.477 0 10 0s10 4.477 10 10-4.477 10-10 10zm1.202-14.863a1.568 1.568 0 1 0 0-3.136 1.568 1.568 0 0 0 0 3.136zm.94 1.868h-.005a1.568 1.568 0 0 0-1.563-1.554h-.007c-2.252 0-3.896 1.32-4.288 2.692L5.5 11.051H6.926l.723-2.72 1.166-.825-.874 3.264L6.003 18h1.569l1.83-5.661 1.526 1.269.314 4.392h1.528v-5.02l-1.757-1.756.473-1.767a3.753 3.753 0 0 0 2.853 1.313h.314V9.515a2.51 2.51 0 0 1-2.51-2.51z"
              />
            </svg>
            <svg
              aria-hidden={false}
              className="kirk-icon c2"
              fill="#F78B00"
              height="20px"
              viewBox="0 0 20 20"
              width="20px"
              xmlns="http://www.w3.org/2000/svg"
            >
              <title>
                Pick up point is quite far fom your place
              </title>
              <path
                d="M10 20C4.477 20 0 15.523 0 10S4.477 0 10 0s10 4.477 10 10-4.477 10-10 10zm1.202-14.863a1.568 1.568 0 1 0 0-3.136 1.568 1.568 0 0 0 0 3.136zm.94 1.868h-.005a1.568 1.568 0 0 0-1.563-1.554h-.007c-2.252 0-3.896 1.32-4.288 2.692L5.5 11.051H6.926l.723-2.72 1.166-.825-.874 3.264L6.003 18h1.569l1.83-5.661 1.526 1.269.314 4.392h1.528v-5.02l-1.757-1.756.473-1.767a3.753 3.753 0 0 0 2.853 1.313h.314V9.515a2.51 2.51 0 0 1-2.51-2.51z"
              />
            </svg>
          </div>
        </div>
      </div>
    </div>
  </li>
  <li
    className="jsx-1448366035 kirk-itinerary-location"
    itemProp="location"
    itemScope={true}
    itemType="http://schema.org/Place"
  >
    <meta
      className="jsx-1448366035"
      content="Tours"
      itemProp="name"
    />
    <meta
      className="jsx-1448366035"
      content="Tours"
      itemProp="address"
    />
    <div
      className="jsx-1448366035 kirk-itinerary-location-wrapper"
    >
      <time
        className="jsx-1448366035"
        dateTime="2017-12-11T12:00"
      >
        <span
          className="kirk-text kirk-text-titleStrong c0"
        >
          12:00
        </span>
      </time>
      <div
        className="jsx-1448366035 kirk-itinerary-location-city"
      >
        <span
          className="kirk-text kirk-text-titleStrong c0"
        >
          Tours
        </span>
        <div
          className="jsx-1448366035"
        >
          <div
            className="kirk-proximity c1"
          >
            <svg
              aria-hidden={true}
              className="kirk-icon c2"
              fill="#EDEDED"
              height="20px"
              viewBox="0 0 20 20"
              width="20px"
              xmlns="http://www.w3.org/2000/svg"
            >
              
              <path
                d="M10 20C4.477 20 0 15.523 0 10S4.477 0 10 0s10 4.477 10 10-4.477 10-10 10zm1.202-14.863a1.568 1.568 0 1 0 0-3.136 1.568 1.568 0 0 0 0 3.136zm.94 1.868h-.005a1.568 1.568 0 0 0-1.563-1.554h-.007c-2.252 0-3.896 1.32-4.288 2.692L5.5 11.051H6.926l.723-2.72 1.166-.825-.874 3.264L6.003 18h1.569l1.83-5.661 1.526 1.269.314 4.392h1.528v-5.02l-1.757-1.756.473-1.767a3.753 3.753 0 0 0 2.853 1.313h.314V9.515a2.51 2.51 0 0 1-2.51-2.51z"
              />
            </svg>
            <svg
              aria-hidden={true}
              className="kirk-icon c2"
              fill="#EDEDED"
              height="20px"
              viewBox="0 0 20 20"
              width="20px"
              xmlns="http://www.w3.org/2000/svg"
            >
              
              <path
                d="M10 20C4.477 20 0 15.523 0 10S4.477 0 10 0s10 4.477 10 10-4.477 10-10 10zm1.202-14.863a1.568 1.568 0 1 0 0-3.136 1.568 1.568 0 0 0 0 3.136zm.94 1.868h-.005a1.568 1.568 0 0 0-1.563-1.554h-.007c-2.252 0-3.896 1.32-4.288 2.692L5.5 11.051H6.926l.723-2.72 1.166-.825-.874 3.264L6.003 18h1.569l1.83-5.661 1.526 1.269.314 4.392h1.528v-5.02l-1.757-1.756.473-1.767a3.753 3.753 0 0 0 2.853 1.313h.314V9.515a2.51 2.51 0 0 1-2.51-2.51z"
              />
            </svg>
            <svg
              aria-hidden={false}
              className="kirk-icon c2"
              fill="#F78B00"
              height="20px"
              viewBox="0 0 20 20"
              width="20px"
              xmlns="http://www.w3.org/2000/svg"
            >
              <title>
                Pick up point is quite far fom your place
              </title>
              <path
                d="M10 20C4.477 20 0 15.523 0 10S4.477 0 10 0s10 4.477 10 10-4.477 10-10 10zm1.202-14.863a1.568 1.568 0 1 0 0-3.136 1.568 1.568 0 0 0 0 3.136zm.94 1.868h-.005a1.568 1.568 0 0 0-1.563-1.554h-.007c-2.252 0-3.896 1.32-4.288 2.692L5.5 11.051H6.926l.723-2.72 1.166-.825-.874 3.264L6.003 18h1.569l1.83-5.661 1.526 1.269.314 4.392h1.528v-5.02l-1.757-1.756.473-1.767a3.753 3.753 0 0 0 2.853 1.313h.314V9.515a2.51 2.51 0 0 1-2.51-2.51z"
              />
            </svg>
          </div>
        </div>
      </div>
    </div>
  </li>
  <li
    className="jsx-1448366035 kirk-itinerary-location kirk-itinerary--arrival"
    itemProp="location"
    itemScope={true}
    itemType="http://schema.org/Place"
  >
    <meta
      className="jsx-1448366035"
      content="Bordeaux"
      itemProp="name"
    />
    <meta
      className="jsx-1448366035"
      content="Bordeaux"
      itemProp="address"
    />
    <div
      className="jsx-1448366035 kirk-itinerary-location-wrapper"
    >
      <time
        className="jsx-1448366035"
        dateTime="2017-12-11T15:00"
      >
        <span
          className="kirk-text kirk-text-titleStrong c0"
        >
          15:00
        </span>
      </time>
      <div
        className="jsx-1448366035 kirk-itinerary-location-city"
      >
        <span
          className="kirk-text kirk-text-titleStrong c0"
        >
          Bordeaux
        </span>
        <div
          className="jsx-1448366035"
        >
          <div
            className="kirk-proximity c1"
          >
            <svg
              aria-hidden={true}
              className="kirk-icon c2"
              fill="#EDEDED"
              height="20px"
              viewBox="0 0 20 20"
              width="20px"
              xmlns="http://www.w3.org/2000/svg"
            >
              
              <path
                d="M10 20C4.477 20 0 15.523 0 10S4.477 0 10 0s10 4.477 10 10-4.477 10-10 10zm1.202-14.863a1.568 1.568 0 1 0 0-3.136 1.568 1.568 0 0 0 0 3.136zm.94 1.868h-.005a1.568 1.568 0 0 0-1.563-1.554h-.007c-2.252 0-3.896 1.32-4.288 2.692L5.5 11.051H6.926l.723-2.72 1.166-.825-.874 3.264L6.003 18h1.569l1.83-5.661 1.526 1.269.314 4.392h1.528v-5.02l-1.757-1.756.473-1.767a3.753 3.753 0 0 0 2.853 1.313h.314V9.515a2.51 2.51 0 0 1-2.51-2.51z"
              />
            </svg>
            <svg
              aria-hidden={true}
              className="kirk-icon c2"
              fill="#EDEDED"
              height="20px"
              viewBox="0 0 20 20"
              width="20px"
              xmlns="http://www.w3.org/2000/svg"
            >
              
              <path
                d="M10 20C4.477 20 0 15.523 0 10S4.477 0 10 0s10 4.477 10 10-4.477 10-10 10zm1.202-14.863a1.568 1.568 0 1 0 0-3.136 1.568 1.568 0 0 0 0 3.136zm.94 1.868h-.005a1.568 1.568 0 0 0-1.563-1.554h-.007c-2.252 0-3.896 1.32-4.288 2.692L5.5 11.051H6.926l.723-2.72 1.166-.825-.874 3.264L6.003 18h1.569l1.83-5.661 1.526 1.269.314 4.392h1.528v-5.02l-1.757-1.756.473-1.767a3.753 3.753 0 0 0 2.853 1.313h.314V9.515a2.51 2.51 0 0 1-2.51-2.51z"
              />
            </svg>
            <svg
              aria-hidden={false}
              className="kirk-icon c2"
              fill="#F78B00"
              height="20px"
              viewBox="0 0 20 20"
              width="20px"
              xmlns="http://www.w3.org/2000/svg"
            >
              <title>
                Pick up point is quite far fom your place
              </title>
              <path
                d="M10 20C4.477 20 0 15.523 0 10S4.477 0 10 0s10 4.477 10 10-4.477 10-10 10zm1.202-14.863a1.568 1.568 0 1 0 0-3.136 1.568 1.568 0 0 0 0 3.136zm.94 1.868h-.005a1.568 1.568 0 0 0-1.563-1.554h-.007c-2.252 0-3.896 1.32-4.288 2.692L5.5 11.051H6.926l.723-2.72 1.166-.825-.874 3.264L6.003 18h1.569l1.83-5.661 1.526 1.269.314 4.392h1.528v-5.02l-1.757-1.756.473-1.767a3.753 3.753 0 0 0 2.853 1.313h.314V9.515a2.51 2.51 0 0 1-2.51-2.51z"
              />
            </svg>
          </div>
        </div>
      </div>
    </div>
  </li>
</ul>
`;
