// Jest Snapshot v1, https://goo.gl/fbAQLP

exports[`Rendering testing should render properly 1`] = `
<div
  className="jsx-1195529549 kirk-tabs"
>
  <div
    aria-multiselectable="false"
    aria-orientation="horizontal"
    className="jsx-1195529549 kirk-tablist"
    id="tablist"
    role="tablist"
  >
    <div
      className="jsx-1195529549 kirk-tab-container kirk-tab-selected"
    >
      <div
        className="jsx-1195529549 kirk-tab-relative"
      >
        <button
          aria-controls="tab1_panel"
          aria-selected="true"
          className="jsx-1195529549 kirk-tab"
          id="tab1"
          onClick={[Function]}
          onKeyDown={[Function]}
          role="tab"
          tabIndex={0}
          title="Tab 1"
        >
          Tab 1
        </button>
      </div>
    </div>
    <div
      className="jsx-1195529549 kirk-tab-container"
    >
      <div
        className="jsx-1195529549 kirk-tab-relative"
      >
        <button
          aria-controls="tab2_panel"
          aria-selected="false"
          className="jsx-1195529549 kirk-tab"
          id="tab2"
          onClick={[Function]}
          onKeyDown={[Function]}
          role="tab"
          tabIndex={-1}
          title="Tab 2"
        >
          Tab 2
        </button>
      </div>
    </div>
    <div
      className="jsx-1195529549 kirk-tab-container"
    >
      <div
        className="jsx-1195529549 kirk-tab-relative"
      >
        <button
          aria-controls="tab3_panel"
          aria-selected="false"
          className="jsx-1195529549 kirk-tab"
          id="tab3"
          onClick={[Function]}
          onKeyDown={[Function]}
          role="tab"
          tabIndex={-1}
          title="Tab 3"
        >
          Tab 3
        </button>
      </div>
    </div>
  </div>
  <div
    aria-labelledby="tab1"
    className="jsx-1195529549 kirk-tab-panel"
    hidden={false}
    id="tab1_panel"
    role="tabpanel"
  >
    <div
      style={
        Object {
          "padding": 30,
        }
      }
    >
      Content for first tab
    </div>
  </div>
  <div
    aria-labelledby="tab2"
    className="jsx-1195529549 kirk-tab-panel"
    hidden={true}
    id="tab2_panel"
    role="tabpanel"
  />
  <div
    aria-labelledby="tab3"
    className="jsx-1195529549 kirk-tab-panel"
    hidden={true}
    id="tab3_panel"
    role="tabpanel"
  />
</div>
`;
